[WP STAGING Manual Logging][info][2022-11-17 07:42:13] Starting from a clean state...
[WP STAGING Manual Logging][info][2022-11-17 07:42:13] Sending request to: https://dinomitedays.org/wp-admin/admin-ajax.php?action=wpstg_ajax_test_action&_ajax_nonce=c2bec2881c
[WP STAGING Manual Logging][info][2022-11-17 07:42:13] Running updateAjaxTestOption
[WP STAGING Manual Logging][info][2022-11-17 07:42:13] {"headers":[],"body":"","response":{"code":false,"message":false},"cookies":[],"http_response":null}
[WP STAGING Manual Logging][info][2022-11-17 07:42:13] runAjaxFeatureTest waited 0.0 seconds...
[WP STAGING Manual Logging][info][2022-11-17 07:42:14] Fetched is equal to: 
[WP STAGING Manual Logging][info][2022-11-17 07:42:14] Fetched is equal to (get_option): 
[WP STAGING Manual Logging][info][2022-11-17 07:42:14] runAjaxFeatureTest waited 0.5 seconds...
[WP STAGING Manual Logging][info][2022-11-17 07:42:14] Fetched is equal to: 
[WP STAGING Manual Logging][info][2022-11-17 07:42:14] Fetched is equal to (get_option): 
[WP STAGING Manual Logging][info][2022-11-17 07:42:14] runAjaxFeatureTest waited 1.0 seconds...
[WP STAGING Manual Logging][info][2022-11-17 07:42:15] Fetched is equal to: 
[WP STAGING Manual Logging][info][2022-11-17 07:42:15] Fetched is equal to (get_option): 
[WP STAGING Manual Logging][info][2022-11-17 07:42:15] runAjaxFeatureTest waited 1.5 seconds...
[WP STAGING Manual Logging][info][2022-11-17 07:42:15] Fetched is equal to: 
[WP STAGING Manual Logging][info][2022-11-17 07:42:15] Fetched is equal to (get_option): 
[WP STAGING Manual Logging][info][2022-11-17 07:42:15] runAjaxFeatureTest waited 2.0 seconds...
[WP STAGING Manual Logging][info][2022-11-17 07:42:16] Fetched is equal to: 
[WP STAGING Manual Logging][info][2022-11-17 07:42:16] Fetched is equal to (get_option): 
[WP STAGING Manual Logging][info][2022-11-17 07:42:16] runAjaxFeatureTest waited 2.5 seconds...
[WP STAGING Manual Logging][info][2022-11-17 07:42:16] Fetched is equal to: 
[WP STAGING Manual Logging][info][2022-11-17 07:42:16] Fetched is equal to (get_option): 
[WP STAGING Manual Logging][info][2022-11-17 07:42:16] runAjaxFeatureTest waited 3.0 seconds...
[WP STAGING Manual Logging][info][2022-11-17 07:42:17] Fetched is equal to: 
[WP STAGING Manual Logging][info][2022-11-17 07:42:17] Fetched is equal to (get_option): 
[WP STAGING Manual Logging][info][2022-11-17 07:42:17] runAjaxFeatureTest waited 3.5 seconds...
[WP STAGING Manual Logging][info][2022-11-17 07:42:17] Fetched is equal to: 
[WP STAGING Manual Logging][info][2022-11-17 07:42:17] Fetched is equal to (get_option): 
[WP STAGING Manual Logging][info][2022-11-17 07:42:17] runAjaxFeatureTest waited 4.0 seconds...
[WP STAGING Manual Logging][info][2022-11-17 07:42:18] Fetched is equal to: 
[WP STAGING Manual Logging][info][2022-11-17 07:42:18] Fetched is equal to (get_option): 
[WP STAGING Manual Logging][info][2022-11-17 07:42:18] runAjaxFeatureTest waited 4.5 seconds...
[WP STAGING Manual Logging][info][2022-11-17 07:42:18] Fetched is equal to: 
[WP STAGING Manual Logging][info][2022-11-17 07:42:18] Fetched is equal to (get_option): 
[WP STAGING Manual Logging][info][2022-11-17 07:42:18] runAjaxFeatureTest waited 5.0 seconds...
[WP STAGING Manual Logging][info][2022-11-17 07:42:19] Fetched is equal to: 
[WP STAGING Manual Logging][info][2022-11-17 07:42:19] Fetched is equal to (get_option): 
[WP STAGING Manual Logging][info][2022-11-17 07:42:19] runAjaxFeatureTest waited 5.5 seconds...
[WP STAGING Manual Logging][info][2022-11-17 07:42:19] Fetched is equal to: 
[WP STAGING Manual Logging][info][2022-11-17 07:42:19] Fetched is equal to (get_option): 
[WP STAGING Manual Logging][info][2022-11-17 07:42:19] runAjaxFeatureTest waited 6.0 seconds...
[WP STAGING Manual Logging][info][2022-11-17 07:42:20] Fetched is equal to: 
[WP STAGING Manual Logging][info][2022-11-17 07:42:20] Fetched is equal to (get_option): 
[WP STAGING Manual Logging][info][2022-11-17 07:42:20] runAjaxFeatureTest waited 6.5 seconds...
[WP STAGING Manual Logging][info][2022-11-17 07:42:20] Fetched is equal to: 
[WP STAGING Manual Logging][info][2022-11-17 07:42:20] Fetched is equal to (get_option): 
[WP STAGING Manual Logging][info][2022-11-17 07:42:20] runAjaxFeatureTest waited 7.0 seconds...
[WP STAGING Manual Logging][info][2022-11-17 07:42:21] Fetched is equal to: 
[WP STAGING Manual Logging][info][2022-11-17 07:42:21] Fetched is equal to (get_option): 
[WP STAGING Manual Logging][info][2022-11-17 07:42:21] runAjaxFeatureTest waited 7.5 seconds...
[WP STAGING Manual Logging][info][2022-11-17 07:42:21] Fetched is equal to: 
[WP STAGING Manual Logging][info][2022-11-17 07:42:21] Fetched is equal to (get_option): 
[WP STAGING Manual Logging][info][2022-11-17 07:42:21] runAjaxFeatureTest waited 8.0 seconds...
[WP STAGING Manual Logging][info][2022-11-17 07:42:22] Fetched is equal to: 
[WP STAGING Manual Logging][info][2022-11-17 07:42:22] Fetched is equal to (get_option): 
[WP STAGING Manual Logging][info][2022-11-17 07:42:22] runAjaxFeatureTest waited 8.5 seconds...
[WP STAGING Manual Logging][info][2022-11-17 07:42:22] Fetched is equal to: 
[WP STAGING Manual Logging][info][2022-11-17 07:42:22] Fetched is equal to (get_option): 
[WP STAGING Manual Logging][info][2022-11-17 07:42:22] runAjaxFeatureTest waited 9.0 seconds...
[WP STAGING Manual Logging][info][2022-11-17 07:42:23] Fetched is equal to: 
[WP STAGING Manual Logging][info][2022-11-17 07:42:23] Fetched is equal to (get_option): 
[WP STAGING Manual Logging][info][2022-11-17 07:42:23] runAjaxFeatureTest waited 9.5 seconds...
[WP STAGING Manual Logging][info][2022-11-17 07:42:23] Fetched is equal to: 
[WP STAGING Manual Logging][info][2022-11-17 07:42:23] Fetched is equal to (get_option): 
[WP STAGING Manual Logging][info][2022-11-17 07:42:23] runAjaxFeatureTest waited 10.0 seconds...
[WP STAGING Manual Logging][info][2022-11-17 07:42:24] Fetched is equal to: 
[WP STAGING Manual Logging][info][2022-11-17 07:42:24] Fetched is equal to (get_option): 
[WP STAGING Manual Logging][info][2022-11-17 07:42:24] runAjaxFeatureTest did not work
[WP STAGING Manual Logging][info][2022-11-17 07:42:24] Running Queue Maintenance.
[WP STAGING Manual Logging][info][2022-11-17 07:42:24] Removed 0 actions that were last updated before 2022-11-10 12:42:24.
